// Jest Snapshot v1, https://goo.gl/fbAQLP

exports[`CourseCard Tests default render with props 1`] = `
ShallowWrapper {
  Symbol(enzyme.__root__): [Circular],
  Symbol(enzyme.__unrendered__): <CourseCard
    courseDescription="A course made for tests"
    courseImg="https://site.com/link-to-image"
    courseName="Test Course"
  />,
  Symbol(enzyme.__renderer__): Object {
    "batchedUpdates": [Function],
    "checkPropTypes": [Function],
    "getNode": [Function],
    "render": [Function],
    "simulateError": [Function],
    "simulateEvent": [Function],
    "unmount": [Function],
  },
  Symbol(enzyme.__node__): Object {
    "instance": null,
    "key": undefined,
    "nodeType": "class",
    "props": Object {
      "actions": Array [
        <a
          className="course-link"
          href="#"
        >
          Conheça o curso
        </a>,
      ],
      "children": Array [
        <h5
          className="home-course-title"
        >
          Test Course
        </h5>,
        "A course made for tests",
      ],
      "className": "big",
      "header": <CardTitle
        image="https://site.com/link-to-image"
      />,
    },
    "ref": null,
    "rendered": Array [
      Object {
        "instance": null,
        "key": undefined,
        "nodeType": "host",
        "props": Object {
          "children": "Test Course",
          "className": "home-course-title",
        },
        "ref": null,
        "rendered": "Test Course",
        "type": "h5",
      },
      "A course made for tests",
    ],
    "type": [Function],
  },
  Symbol(enzyme.__nodes__): Array [
    Object {
      "instance": null,
      "key": undefined,
      "nodeType": "class",
      "props": Object {
        "actions": Array [
          <a
            className="course-link"
            href="#"
          >
            Conheça o curso
          </a>,
        ],
        "children": Array [
          <h5
            className="home-course-title"
          >
            Test Course
          </h5>,
          "A course made for tests",
        ],
        "className": "big",
        "header": <CardTitle
          image="https://site.com/link-to-image"
        />,
      },
      "ref": null,
      "rendered": Array [
        Object {
          "instance": null,
          "key": undefined,
          "nodeType": "host",
          "props": Object {
            "children": "Test Course",
            "className": "home-course-title",
          },
          "ref": null,
          "rendered": "Test Course",
          "type": "h5",
        },
        "A course made for tests",
      ],
      "type": [Function],
    },
  ],
  Symbol(enzyme.__options__): Object {
    "adapter": ReactSixteenAdapter {
      "options": Object {
        "enableComponentDidUpdateOnSetState": true,
        "legacyContextMode": "parent",
        "lifecycles": Object {
          "componentDidUpdate": Object {
            "onSetState": true,
          },
          "getChildContext": Object {
            "calledByRenderer": false,
          },
          "getDerivedStateFromError": true,
          "getDerivedStateFromProps": Object {
            "hasShouldComponentUpdateBug": false,
          },
          "getSnapshotBeforeUpdate": true,
          "setState": Object {
            "skipsComponentDidUpdateOnNullish": true,
          },
        },
      },
    },
    Symbol(enzyme.__providerValues__): undefined,
  },
  Symbol(enzyme.__providerValues__): Map {},
}
`;
